{
"issues":  [
{
"id":  "S2755",
"message":  null,
"location":  {
"uri":  "sources\ManuallyAddedNoncompliantIssues\IntentionalFindings\S4635.cs",
"region":  {
"startLine":  28,
"startColumn":  13,
"endLine":  28,
"endColumn":  32
}
}
},
{
"id":  "S2755",
"message":  null,
"location":  {
"uri":  "sources\ManuallyAddedNoncompliantIssues\IntentionalFindings\S4635.cs",
"region":  {
"startLine":  28,
"startColumn":  13,
"endLine":  28,
"endColumn":  80
}
}
}
]
}
