{
"issues":  [
{
"id":  "S2755",
"message":  "Disable access to external entities in XML parsing.",
"location":  {
"uri":  "sources\ManuallyAddedNoncompliantIssues\NetFramework4\XmlDocumentTest.cs",
"region":  {
"startLine":  35,
"startColumn":  23,
"endLine":  35,
"endColumn":  40
}
}
},
{
"id":  "S2755",
"message":  "Disable access to external entities in XML parsing.",
"location":  {
"uri":  "sources\ManuallyAddedNoncompliantIssues\NetFramework4\XmlDocumentTest.cs",
"region":  {
"startLine":  36,
"startColumn":  13,
"endLine":  36,
"endColumn":  45
}
}
},
{
"id":  "S2755",
"message":  "Disable access to external entities in XML parsing.",
"location":  {
"uri":  "sources\ManuallyAddedNoncompliantIssues\NetFramework4\XmlDocumentTest.cs",
"region":  {
"startLine":  41,
"startColumn":  13,
"endLine":  41,
"endColumn":  30
}
}
},
{
"id":  "S2755",
"message":  "Disable access to external entities in XML parsing.",
"location":  {
"uri":  "sources\ManuallyAddedNoncompliantIssues\NetFramework4\XmlDocumentTest.cs",
"region":  {
"startLine":  60,
"startColumn":  37,
"endLine":  60,
"endColumn":  60
}
}
},
{
"id":  "S2755",
"message":  "Disable access to external entities in XML parsing.",
"location":  {
"uri":  "sources\ManuallyAddedNoncompliantIssues\NetFramework4\XmlTextReaderTest.cs",
"region":  {
"startLine":  31,
"startColumn":  13,
"endLine":  31,
"endColumn":  35
}
}
},
{
"id":  "S2755",
"message":  "Disable access to external entities in XML parsing.",
"location":  {
"uri":  "sources\ManuallyAddedNoncompliantIssues\NetFramework4\XmlTextReaderTest.cs",
"region":  {
"startLine":  43,
"startColumn":  26,
"endLine":  43,
"endColumn":  48
}
}
},
{
"id":  "S2755",
"message":  "Disable access to external entities in XML parsing.",
"location":  {
"uri":  "sources\ManuallyAddedNoncompliantIssues\NetFramework4\XmlTextReaderTest.cs",
"region":  {
"startLine":  44,
"startColumn":  13,
"endLine":  44,
"endColumn":  43
}
}
}
]
}
