{
"issues":  [
{
"id":  "S4136",
"message":  "All 'XmlDocument_1' method overloads should be adjacent.",
"location":  [
{
"uri":  "sources\ManuallyAddedNoncompliantIssues\NetFramework48\XmlDocumentTest.cs",
"region":  {
"startLine":  32,
"startColumn":  31,
"endLine":  32,
"endColumn":  44
}
},
{
"uri":  "sources\ManuallyAddedNoncompliantIssues\NetFramework48\XmlDocumentTest.cs",
"region":  {
"startLine":  50,
"startColumn":  31,
"endLine":  50,
"endColumn":  44
}
}
]
}
]
}
