{
"issues":  [
{
"id":  "S1118",
"message":  "Add a 'protected' constructor or the 'static' keyword to the class declaration.",
"location":  {
"uri":  "sources\ManuallyAddedNoncompliantIssues\NetFramework35\XmlReaderTest.cs",
"region":  {
"startLine":  26,
"startColumn":  18,
"endLine":  26,
"endColumn":  31
}
}
},
{
"id":  "S1118",
"message":  "Add a 'protected' constructor or the 'static' keyword to the class declaration.",
"location":  {
"uri":  "sources\ManuallyAddedNoncompliantIssues\NetFramework35\XmlTextReaderTest.cs",
"region":  {
"startLine":  25,
"startColumn":  11,
"endLine":  25,
"endColumn":  28
}
}
}
]
}
