{
"issues":  [
{
"id":  "S1481",
"message":  "Remove the unused local variable 'doc'.",
"location":  {
"uri":  "sources\ManuallyAddedNoncompliantIssues\NetFramework4\XmlDocumentTest.cs",
"region":  {
"startLine":  60,
"startColumn":  31,
"endLine":  60,
"endColumn":  34
}
}
}
]
}
