{
"issues":  [
{
"id":  "S2755",
"message":  "Disable access to external entities in XML parsing.",
"location":  {
"uri":  "sources\ManuallyAddedNoncompliantIssues\NetFramework48\XmlDocumentTest.cs",
"region":  {
"startLine":  35,
"startColumn":  13,
"endLine":  35,
"endColumn":  45
}
}
},
{
"id":  "S2755",
"message":  "Disable access to external entities in XML parsing.",
"location":  {
"uri":  "sources\ManuallyAddedNoncompliantIssues\NetFramework48\XmlTextReaderTest.cs",
"region":  {
"startLine":  32,
"startColumn":  13,
"endLine":  32,
"endColumn":  43
}
}
}
]
}
