{
"issues":  [
{
"id":  "S1451",
"message":  "Add or update the header of this file.",
"location":  {
"uri":  "sources\ManuallyAddedNoncompliantIssues\NetFramework35\Properties\AssemblyInfo.cs",
"region":  {
"startLine":  1,
"startColumn":  1,
"endLine":  1,
"endColumn":  1
}
}
}
]
}
