{
"issues":  [
{
"id":  "S1848",
"message":  "Either remove this useless object instantiation of class 'XmlDocument' or use it.",
"location":  {
"uri":  "sources\ManuallyAddedNoncompliantIssues\NetFramework48\XmlDocumentTest.cs",
"region":  {
"startLine":  40,
"startColumn":  13,
"endLine":  40,
"endColumn":  30
}
}
}
]
}
