{
"issues":  [
{
"id":  "S4136",
"message":  "All 'XmlDocument_1' method overloads should be adjacent.",
"location":  [
{
"uri":  "sources\ManuallyAddedNoncompliantIssues\NetFramework4\XmlDocumentTest.cs",
"region":  {
"startLine":  33,
"startColumn":  31,
"endLine":  33,
"endColumn":  44
}
},
{
"uri":  "sources\ManuallyAddedNoncompliantIssues\NetFramework4\XmlDocumentTest.cs",
"region":  {
"startLine":  51,
"startColumn":  31,
"endLine":  51,
"endColumn":  44
}
}
]
}
]
}
