{
"issues":  [
{
"id":  "S2755",
"message":  "Disable access to external entities in XML parsing.",
"location":  {
"uri":  "sources\ManuallyAddedNoncompliantIssues\NetFramework35\XmlTextReaderTest.cs",
"region":  {
"startLine":  31,
"startColumn":  26,
"endLine":  31,
"endColumn":  48
}
}
},
{
"id":  "S2755",
"message":  "Disable access to external entities in XML parsing.",
"location":  {
"uri":  "sources\ManuallyAddedNoncompliantIssues\NetFramework35\XmlTextReaderTest.cs",
"region":  {
"startLine":  36,
"startColumn":  26,
"endLine":  36,
"endColumn":  48
}
}
},
{
"id":  "S2755",
"message":  "Disable access to external entities in XML parsing.",
"location":  {
"uri":  "sources\ManuallyAddedNoncompliantIssues\NetFramework35\XmlTextReaderTest.cs",
"region":  {
"startLine":  42,
"startColumn":  26,
"endLine":  42,
"endColumn":  48
}
}
}
]
}
